// Jest Snapshot v1, https://goo.gl/fbAQLP

exports[`AbstractEntity decorators 1`] = `
Object {
  "type": "EntityTypeOrm",
  "value": Object {
    "id": [Function],
    "target": [Function],
  },
}
`;

exports[`ClassEntityChild decorators 1`] = `
Object {
  "type": "EntityTypeOrm",
  "value": Object {
    "id": [Function],
    "target": [Function],
  },
}
`;

exports[`ClosureEntity decorators 1`] = `
Object {
  "type": "EntityTypeOrm",
  "value": Object {
    "id": [Function],
    "target": [Function],
  },
}
`;

exports[`EmbeddableEntity decorators 1`] = `
Object {
  "type": "EntityTypeOrm",
  "value": Object {
    "id": [Function],
    "target": [Function],
  },
}
`;

exports[`Entity decorators 1`] = `
Object {
  "type": "EntityTypeOrm",
  "value": Object {
    "id": [Function],
    "target": [Function],
  },
}
`;

exports[`SingleEntityChild decorators 1`] = `
Object {
  "type": "EntityTypeOrm",
  "value": Object {
    "id": [Function],
    "target": [Function],
  },
}
`;
