// Jest Snapshot v1, https://goo.gl/fbAQLP

exports[`with bad config 1`] = `[TypeError: Cannot read property 'type' of undefined]`;

exports[`with config 1`] = `true`;

exports[`with config 2`] = `Array []`;

exports[`with config 3`] = `
Array [
  Photo {
    "description": "test desc",
    "fileName": "testfile",
    "id": 1,
    "isPublished": false,
    "name": "test",
    "views": 0,
  },
]
`;

exports[`with no driver 1`] = `[DriverPackageNotInstalledError: Postgres package has not been found installed. Try to install it: npm install pg --save]`;

exports[`without config folder 1`] = `[Error: PluginTypeormConfig connectionOptions is mandatory]`;
